-- The CXX compiler identification is AppleClang 15.0.0.15000309
-- Detecting CXX compiler ABI info
-- Detecting CXX compiler ABI info - done
-- Check for working CXX compiler: /usr/bin/c++ - skipped
-- Detecting CXX compile features
-- Detecting CXX compile features - done
-- Performing Test CMAKE_HAVE_LIBC_PTHREAD
-- Performing Test CMAKE_HAVE_LIBC_PTHREAD - Success
-- Found Threads: TRUE
-- The C compiler identification is AppleClang 15.0.0.15000309
-- Detecting C compiler ABI info
-- Detecting C compiler ABI info - done
-- Check for working C compiler: /usr/bin/cc - skipped
-- Detecting C compile features
-- Detecting C compile features - done
-- SPIRV-Cross: Finding Git version for SPIRV-Cross.
-- Found Git: /opt/homebrew/bin/git (found version "2.55.0")
-- SPIRV-Cross: Git hash: 09f79c16+
-- Configuring done (1.7s)
-- Generating done (0.1s)
-- Build files have been written to: /Users/runner/work/Amethyst-iOS-MyRemastered/Amethyst-iOS-MyRemastered/Natives/build/sfpew
gmake[2]: Entering directory '/Users/runner/work/Amethyst-iOS-MyRemastered/Amethyst-iOS-MyRemastered/Natives/build/sfpew'
gmake[2]: warning: -j3 forced in submake: resetting jobserver mode.
[  1%] Building CXX object glslang/glslang/CMakeFiles/glslang.dir/cmake_pch.hxx.pch
[  3%] Building CXX object glslang/SPIRV/CMakeFiles/SPIRV.dir/Users/runner/work/Amethyst-iOS-MyRemastered/Amethyst-iOS-MyRemastered/Natives/external/MobileGlues/src/main/cpp/3rdparty/glslang/glslang/stub.cpp.o
[  3%] Building CXX object spirv-cross/CMakeFiles/spirv-cross-core.dir/spirv_cross.cpp.o
[  4%] Linking CXX static library libSPIRV.a
[  4%] Built target SPIRV
[  5%] Building CXX object glslang/glslang/CMakeFiles/glslang-default-resource-limits.dir/ResourceLimits/ResourceLimits.cpp.o
[  6%] Building CXX object glslang/glslang/CMakeFiles/glslang-default-resource-limits.dir/ResourceLimits/resource_limits_c.cpp.o
[  7%] Building CXX object glslang/glslang/CMakeFiles/glslang.dir/CInterface/glslang_c_interface.cpp.o
[  8%] Linking CXX static library libglslang-default-resource-limits.a
[  8%] Built target glslang-default-resource-limits
[  9%] Building CXX object glslang/glslang/CMakeFiles/glslang.dir/GenericCodeGen/CodeGen.cpp.o
[ 10%] Building CXX object spirv-cross/CMakeFiles/spirv-cross-core.dir/spirv_parser.cpp.o
[ 11%] Building CXX object glslang/glslang/CMakeFiles/glslang.dir/GenericCodeGen/Link.cpp.o
[ 12%] Building CXX object glslang/glslang/CMakeFiles/glslang.dir/OSDependent/Unix/ossource.cpp.o
[ 13%] Building CXX object glslang/glslang/CMakeFiles/glslang.dir/MachineIndependent/glslang_tab.cpp.o
[ 15%] Building CXX object glslang/glslang/CMakeFiles/glslang.dir/MachineIndependent/attribute.cpp.o
[ 16%] Building CXX object spirv-cross/CMakeFiles/spirv-cross-core.dir/spirv_cross_parsed_ir.cpp.o
[ 17%] Building CXX object glslang/glslang/CMakeFiles/glslang.dir/MachineIndependent/Constant.cpp.o
[ 18%] Building CXX object glslang/glslang/CMakeFiles/glslang.dir/MachineIndependent/iomapper.cpp.o
[ 19%] Building CXX object glslang/glslang/CMakeFiles/glslang.dir/MachineIndependent/InfoSink.cpp.o
[ 20%] Building CXX object spirv-cross/CMakeFiles/spirv-cross-core.dir/spirv_cfg.cpp.o
[ 21%] Building CXX object glslang/glslang/CMakeFiles/glslang.dir/MachineIndependent/Initialize.cpp.o
[ 22%] Linking CXX static library libspirv-cross-core.a
[ 22%] Built target spirv-cross-core
[ 23%] Building CXX object spirv-cross/CMakeFiles/spirv-cross-glsl.dir/spirv_glsl.cpp.o
[ 24%] Building CXX object glslang/glslang/CMakeFiles/glslang.dir/MachineIndependent/IntermTraverse.cpp.o
[ 25%] Building CXX object glslang/glslang/CMakeFiles/glslang.dir/MachineIndependent/Intermediate.cpp.o
[ 26%] Building CXX object glslang/glslang/CMakeFiles/glslang.dir/MachineIndependent/ParseContextBase.cpp.o
[ 27%] Building CXX object glslang/glslang/CMakeFiles/glslang.dir/MachineIndependent/ParseHelper.cpp.o
[ 29%] Building CXX object glslang/glslang/CMakeFiles/glslang.dir/MachineIndependent/PoolAlloc.cpp.o
[ 30%] Building CXX object glslang/glslang/CMakeFiles/glslang.dir/MachineIndependent/RemoveTree.cpp.o
[ 31%] Building CXX object glslang/glslang/CMakeFiles/glslang.dir/MachineIndependent/Scan.cpp.o
[ 32%] Building CXX object glslang/glslang/CMakeFiles/glslang.dir/MachineIndependent/ShaderLang.cpp.o
[ 33%] Building CXX object glslang/glslang/CMakeFiles/glslang.dir/MachineIndependent/SpirvIntrinsics.cpp.o
[ 34%] Building CXX object glslang/glslang/CMakeFiles/glslang.dir/MachineIndependent/SymbolTable.cpp.o
[ 35%] Building CXX object glslang/glslang/CMakeFiles/glslang.dir/MachineIndependent/Versions.cpp.o
[ 36%] Building CXX object glslang/glslang/CMakeFiles/glslang.dir/MachineIndependent/intermOut.cpp.o
[ 37%] Building CXX object glslang/glslang/CMakeFiles/glslang.dir/MachineIndependent/limits.cpp.o
[ 38%] Linking CXX static library libspirv-cross-glsl.a
[ 38%] Built target spirv-cross-glsl
[ 39%] Building CXX object glslang/glslang/CMakeFiles/glslang.dir/MachineIndependent/linkValidate.cpp.o
[ 40%] Building CXX object glslang/glslang/CMakeFiles/glslang.dir/MachineIndependent/parseConst.cpp.o
[ 41%] Building CXX object glslang/glslang/CMakeFiles/glslang.dir/MachineIndependent/reflection.cpp.o
[ 43%] Building CXX object glslang/glslang/CMakeFiles/glslang.dir/MachineIndependent/preprocessor/Pp.cpp.o
[ 44%] Building CXX object glslang/glslang/CMakeFiles/glslang.dir/MachineIndependent/preprocessor/PpAtom.cpp.o
[ 45%] Building CXX object glslang/glslang/CMakeFiles/glslang.dir/MachineIndependent/preprocessor/PpContext.cpp.o
[ 46%] Building CXX object glslang/glslang/CMakeFiles/glslang.dir/MachineIndependent/preprocessor/PpScanner.cpp.o
[ 47%] Building CXX object glslang/glslang/CMakeFiles/glslang.dir/MachineIndependent/preprocessor/PpTokens.cpp.o
[ 48%] Building CXX object glslang/glslang/CMakeFiles/glslang.dir/MachineIndependent/propagateNoContraction.cpp.o
[ 49%] Building CXX object glslang/glslang/CMakeFiles/glslang.dir/Users/runner/work/Amethyst-iOS-MyRemastered/Amethyst-iOS-MyRemastered/Natives/external/MobileGlues/src/main/cpp/3rdparty/glslang/SPIRV/GlslangToSpv.cpp.o
[ 50%] Building CXX object glslang/glslang/CMakeFiles/glslang.dir/Users/runner/work/Amethyst-iOS-MyRemastered/Amethyst-iOS-MyRemastered/Natives/external/MobileGlues/src/main/cpp/3rdparty/glslang/SPIRV/InReadableOrder.cpp.o
[ 51%] Building CXX object glslang/glslang/CMakeFiles/glslang.dir/Users/runner/work/Amethyst-iOS-MyRemastered/Amethyst-iOS-MyRemastered/Natives/external/MobileGlues/src/main/cpp/3rdparty/glslang/SPIRV/Logger.cpp.o
[ 52%] Building CXX object glslang/glslang/CMakeFiles/glslang.dir/Users/runner/work/Amethyst-iOS-MyRemastered/Amethyst-iOS-MyRemastered/Natives/external/MobileGlues/src/main/cpp/3rdparty/glslang/SPIRV/SpvBuilder.cpp.o
[ 53%] Building CXX object glslang/glslang/CMakeFiles/glslang.dir/Users/runner/work/Amethyst-iOS-MyRemastered/Amethyst-iOS-MyRemastered/Natives/external/MobileGlues/src/main/cpp/3rdparty/glslang/SPIRV/SpvPostProcess.cpp.o
[ 54%] Building CXX object glslang/glslang/CMakeFiles/glslang.dir/Users/runner/work/Amethyst-iOS-MyRemastered/Amethyst-iOS-MyRemastered/Natives/external/MobileGlues/src/main/cpp/3rdparty/glslang/SPIRV/doc.cpp.o
[ 55%] Building CXX object glslang/glslang/CMakeFiles/glslang.dir/Users/runner/work/Amethyst-iOS-MyRemastered/Amethyst-iOS-MyRemastered/Natives/external/MobileGlues/src/main/cpp/3rdparty/glslang/SPIRV/SpvTools.cpp.o
[ 56%] Building CXX object glslang/glslang/CMakeFiles/glslang.dir/Users/runner/work/Amethyst-iOS-MyRemastered/Amethyst-iOS-MyRemastered/Natives/external/MobileGlues/src/main/cpp/3rdparty/glslang/SPIRV/disassemble.cpp.o
[ 58%] Building CXX object glslang/glslang/CMakeFiles/glslang.dir/Users/runner/work/Amethyst-iOS-MyRemastered/Amethyst-iOS-MyRemastered/Natives/external/MobileGlues/src/main/cpp/3rdparty/glslang/SPIRV/CInterface/spirv_c_interface.cpp.o
[ 59%] Linking CXX static library libglslang.a
[ 59%] Built target glslang
[ 61%] Building CXX object CMakeFiles/SimpleFPEWrapper.dir/SimpleFPEWrapper/getter_version_strings.cpp.o
[ 61%] Building CXX object CMakeFiles/SimpleFPEWrapper.dir/SimpleFPEWrapper/init.cpp.o
[ 62%] Building CXX object CMakeFiles/SimpleFPEWrapper.dir/SimpleFPEWrapper/multidraw.cpp.o
[ 63%] Building CXX object CMakeFiles/SimpleFPEWrapper.dir/SimpleFPEWrapper/fbo.cpp.o
[ 64%] Building CXX object CMakeFiles/SimpleFPEWrapper.dir/SimpleFPEWrapper/texture_binding.cpp.o
[ 65%] Building CXX object CMakeFiles/SimpleFPEWrapper.dir/SimpleFPEWrapper/texture_image.cpp.o
[ 66%] Building CXX object CMakeFiles/SimpleFPEWrapper.dir/SimpleFPEWrapper/egl_dispatch.cpp.o
[ 67%] Building CXX object CMakeFiles/SimpleFPEWrapper.dir/SimpleFPEWrapper/lookup.cpp.o
[ 68%] Building CXX object CMakeFiles/SimpleFPEWrapper.dir/SimpleFPEWrapper/ordered_passthrough.cpp.o
[ 69%] Building CXX object CMakeFiles/SimpleFPEWrapper.dir/SimpleFPEWrapper/backend/loader.cpp.o
[ 70%] Building CXX object CMakeFiles/SimpleFPEWrapper.dir/SimpleFPEWrapper/backend/capabilities.cpp.o
[ 72%] Building CXX object CMakeFiles/SimpleFPEWrapper.dir/SimpleFPEWrapper/fpe/fpe.cpp.o
[ 73%] Building CXX object CMakeFiles/SimpleFPEWrapper.dir/SimpleFPEWrapper/fpe/fpe_shadergen.cpp.o
/Users/runner/work/Amethyst-iOS-MyRemastered/Amethyst-iOS-MyRemastered/Natives/external/SimpleFPEWrapper/SimpleFPEWrapper/fpe/fpe_shadergen.cpp:1110:9: warning: 'sprintf' is deprecated: This function is provided for compatibility reasons only.  Due to security concerns inherent in the design of sprintf(3), it is highly recommended that you use snprintf(3) instead. [-Wdeprecated-declarations]
        sprintf(str, "0x%x", e);
        ^
/Applications/Xcode_15.4.app/Contents/Developer/Platforms/iPhoneOS.platform/Developer/SDKs/iPhoneOS17.5.sdk/usr/include/stdio.h:180:1: note: 'sprintf' has been explicitly marked deprecated here
__deprecated_msg("This function is provided for compatibility reasons only.  Due to security concerns inherent in the design of sprintf(3), it is highly recommended that you use snprintf(3) instead.")
^
/Applications/Xcode_15.4.app/Contents/Developer/Platforms/iPhoneOS.platform/Developer/SDKs/iPhoneOS17.5.sdk/usr/include/sys/cdefs.h:218:48: note: expanded from macro '__deprecated_msg'
        #define __deprecated_msg(_msg) __attribute__((__deprecated__(_msg)))
                                                      ^
In file included from /Users/runner/work/Amethyst-iOS-MyRemastered/Amethyst-iOS-MyRemastered/Natives/external/SimpleFPEWrapper/SimpleFPEWrapper/fpe/fpe_shadergen.cpp:13:
In file included from /Applications/Xcode_15.4.app/Contents/Developer/Platforms/iPhoneOS.platform/Developer/SDKs/iPhoneOS17.5.sdk/usr/include/c++/v1/format:183:
In file included from /Applications/Xcode_15.4.app/Contents/Developer/Platforms/iPhoneOS.platform/Developer/SDKs/iPhoneOS17.5.sdk/usr/include/c++/v1/__format/format_functions.h:29:
/Applications/Xcode_15.4.app/Contents/Developer/Platforms/iPhoneOS.platform/Developer/SDKs/iPhoneOS17.5.sdk/usr/include/c++/v1/__format/formatter_floating_point.h:73:32: error: 'to_chars' is unavailable: introduced in iOS 16.3
  to_chars_result __r = _VSTD::to_chars(__first, __last, __value, __fmt, __precision);
                               ^
/Applications/Xcode_15.4.app/Contents/Developer/Platforms/iPhoneOS.platform/Developer/SDKs/iPhoneOS17.5.sdk/usr/include/c++/v1/__format/formatter_floating_point.h:398:34: note: in instantiation of function template specialization 'std::__formatter::__to_buffer<float>' requested here
  __result.__last = __formatter::__to_buffer(__integral, __buffer.end(), __value, chars_format::general, __precision);
                                 ^
/Applications/Xcode_15.4.app/Contents/Developer/Platforms/iPhoneOS.platform/Developer/SDKs/iPhoneOS17.5.sdk/usr/include/c++/v1/__format/formatter_floating_point.h:465:27: note: in instantiation of function template specialization 'std::__formatter::__format_buffer_general_lower_case<float, float>' requested here
      return __formatter::__format_buffer_general_lower_case(__buffer, __value, __buffer.__precision(), __first);
                          ^
/Applications/Xcode_15.4.app/Contents/Developer/Platforms/iPhoneOS.platform/Developer/SDKs/iPhoneOS17.5.sdk/usr/include/c++/v1/__format/formatter_floating_point.h:665:42: note: in instantiation of function template specialization 'std::__formatter::__format_buffer<float, float>' requested here
  __float_result __result = __formatter::__format_buffer(
                                         ^
/Applications/Xcode_15.4.app/Contents/Developer/Platforms/iPhoneOS.platform/Developer/SDKs/iPhoneOS17.5.sdk/usr/include/c++/v1/__format/formatter_floating_point.h:771:25: note: in instantiation of function template specialization 'std::__formatter::__format_floating_point<float, char, std::format_context>' requested here
    return __formatter::__format_floating_point(__value, __ctx, __parser_.__get_parsed_std_specifications(__ctx));
                        ^
/Applications/Xcode_15.4.app/Contents/Developer/Platforms/iPhoneOS.platform/Developer/SDKs/iPhoneOS17.5.sdk/usr/include/c++/v1/__format/format_functions.h:284:42: note: in instantiation of function template specialization 'std::__formatter_floating_point<char>::format<float, std::format_context>' requested here
            __ctx.advance_to(__formatter.format(__arg, __ctx));
                                         ^
/Applications/Xcode_15.4.app/Contents/Developer/Platforms/iPhoneOS.platform/Developer/SDKs/iPhoneOS17.5.sdk/usr/include/c++/v1/__format/format_functions.h:402:17: note: in instantiation of function template specialization 'std::__vformat_to<std::back_insert_iterator<std::string>, char, std::back_insert_iterator<std::__format::__output_buffer<char>>>' requested here
  return _VSTD::__vformat_to(_VSTD::move(__out_it), __fmt, __args);
                ^
/Applications/Xcode_15.4.app/Contents/Developer/Platforms/iPhoneOS.platform/Developer/SDKs/iPhoneOS17.5.sdk/usr/include/c++/v1/__format/format_functions.h:435:10: note: in instantiation of function template specialization 'std::vformat_to<std::back_insert_iterator<std::string>>' requested here
  _VSTD::vformat_to(_VSTD::back_inserter(__res), __fmt, __args);
         ^
/Applications/Xcode_15.4.app/Contents/Developer/Platforms/iPhoneOS.platform/Developer/SDKs/iPhoneOS17.5.sdk/usr/include/c++/v1/__format/format_functions.h:454:17: note: in instantiation of function template specialization 'std::vformat<void>' requested here
  return _VSTD::vformat(__fmt.get(), _VSTD::make_format_args(__args...));
                ^
/Users/runner/work/Amethyst-iOS-MyRemastered/Amethyst-iOS-MyRemastered/Natives/external/SimpleFPEWrapper/SimpleFPEWrapper/fpe/fpe_shadergen.cpp:1384:24: note: in instantiation of function template specialization 'std::format<unsigned int, std::string &, std::string &>' requested here
            vs += std::format("layout (location = {}) in {} {};\n", vpa.cidx(i), type, in_name);
                       ^
/Applications/Xcode_15.4.app/Contents/Developer/Platforms/iPhoneOS.platform/Developer/SDKs/iPhoneOS17.5.sdk/usr/include/c++/v1/__charconv/to_chars_floating_point.h:45:1: note: 'to_chars' has been explicitly marked unavailable here
to_chars(char* __first, char* __last, float __value, chars_format __fmt, int __precision);
^
In file included from /Users/runner/work/Amethyst-iOS-MyRemastered/Amethyst-iOS-MyRemastered/Natives/external/SimpleFPEWrapper/SimpleFPEWrapper/fpe/fpe_shadergen.cpp:13:
In file included from /Applications/Xcode_15.4.app/Contents/Developer/Platforms/iPhoneOS.platform/Developer/SDKs/iPhoneOS17.5.sdk/usr/include/c++/v1/format:183:
In file included from /Applications/Xcode_15.4.app/Contents/Developer/Platforms/iPhoneOS.platform/Developer/SDKs/iPhoneOS17.5.sdk/usr/include/c++/v1/__format/format_functions.h:29:
/Applications/Xcode_15.4.app/Contents/Developer/Platforms/iPhoneOS.platform/Developer/SDKs/iPhoneOS17.5.sdk/usr/include/c++/v1/__format/formatter_floating_point.h:59:32: error: 'to_chars' is unavailable: introduced in iOS 16.3
  to_chars_result __r = _VSTD::to_chars(__first, __last, __value);
                               ^
/Applications/Xcode_15.4.app/Contents/Developer/Platforms/iPhoneOS.platform/Developer/SDKs/iPhoneOS17.5.sdk/usr/include/c++/v1/__format/formatter_floating_point.h:241:38: note: in instantiation of function template specialization 'std::__formatter::__to_buffer<float>' requested here
  __result.__last     = __formatter::__to_buffer(__integral, __buffer.end(), __value);
                                     ^
/Applications/Xcode_15.4.app/Contents/Developer/Platforms/iPhoneOS.platform/Developer/SDKs/iPhoneOS17.5.sdk/usr/include/c++/v1/__format/formatter_floating_point.h:467:27: note: in instantiation of function template specialization 'std::__formatter::__format_buffer_default<float, float>' requested here
      return __formatter::__format_buffer_default(__buffer, __value, __first);
                          ^
/Applications/Xcode_15.4.app/Contents/Developer/Platforms/iPhoneOS.platform/Developer/SDKs/iPhoneOS17.5.sdk/usr/include/c++/v1/__format/formatter_floating_point.h:665:42: note: in instantiation of function template specialization 'std::__formatter::__format_buffer<float, float>' requested here
  __float_result __result = __formatter::__format_buffer(
                                         ^
/Applications/Xcode_15.4.app/Contents/Developer/Platforms/iPhoneOS.platform/Developer/SDKs/iPhoneOS17.5.sdk/usr/include/c++/v1/__format/formatter_floating_point.h:771:25: note: in instantiation of function template specialization 'std::__formatter::__format_floating_point<float, char, std::format_context>' requested here
    return __formatter::__format_floating_point(__value, __ctx, __parser_.__get_parsed_std_specifications(__ctx));
                        ^
/Applications/Xcode_15.4.app/Contents/Developer/Platforms/iPhoneOS.platform/Developer/SDKs/iPhoneOS17.5.sdk/usr/include/c++/v1/__format/format_functions.h:284:42: note: in instantiation of function template specialization 'std::__formatter_floating_point<char>::format<float, std::format_context>' requested here
            __ctx.advance_to(__formatter.format(__arg, __ctx));
                                         ^
/Applications/Xcode_15.4.app/Contents/Developer/Platforms/iPhoneOS.platform/Developer/SDKs/iPhoneOS17.5.sdk/usr/include/c++/v1/__format/format_functions.h:402:17: note: in instantiation of function template specialization 'std::__vformat_to<std::back_insert_iterator<std::string>, char, std::back_insert_iterator<std::__format::__output_buffer<char>>>' requested here
  return _VSTD::__vformat_to(_VSTD::move(__out_it), __fmt, __args);
                ^
/Applications/Xcode_15.4.app/Contents/Developer/Platforms/iPhoneOS.platform/Developer/SDKs/iPhoneOS17.5.sdk/usr/include/c++/v1/__format/format_functions.h:435:10: note: in instantiation of function template specialization 'std::vformat_to<std::back_insert_iterator<std::string>>' requested here
  _VSTD::vformat_to(_VSTD::back_inserter(__res), __fmt, __args);
         ^
/Applications/Xcode_15.4.app/Contents/Developer/Platforms/iPhoneOS.platform/Developer/SDKs/iPhoneOS17.5.sdk/usr/include/c++/v1/__format/format_functions.h:454:17: note: in instantiation of function template specialization 'std::vformat<void>' requested here
  return _VSTD::vformat(__fmt.get(), _VSTD::make_format_args(__args...));
                ^
/Users/runner/work/Amethyst-iOS-MyRemastered/Amethyst-iOS-MyRemastered/Natives/external/SimpleFPEWrapper/SimpleFPEWrapper/fpe/fpe_shadergen.cpp:1384:24: note: in instantiation of function template specialization 'std::format<unsigned int, std::string &, std::string &>' requested here
            vs += std::format("layout (location = {}) in {} {};\n", vpa.cidx(i), type, in_name);
                       ^
/Applications/Xcode_15.4.app/Contents/Developer/Platforms/iPhoneOS.platform/Developer/SDKs/iPhoneOS17.5.sdk/usr/include/c++/v1/__charconv/to_chars_floating_point.h:27:1: note: 'to_chars' has been explicitly marked unavailable here
to_chars(char* __first, char* __last, float __value);
^
In file included from /Users/runner/work/Amethyst-iOS-MyRemastered/Amethyst-iOS-MyRemastered/Natives/external/SimpleFPEWrapper/SimpleFPEWrapper/fpe/fpe_shadergen.cpp:13:
In file included from /Applications/Xcode_15.4.app/Contents/Developer/Platforms/iPhoneOS.platform/Developer/SDKs/iPhoneOS17.5.sdk/usr/include/c++/v1/format:183:
In file included from /Applications/Xcode_15.4.app/Contents/Developer/Platforms/iPhoneOS.platform/Developer/SDKs/iPhoneOS17.5.sdk/usr/include/c++/v1/__format/format_functions.h:29:
/Applications/Xcode_15.4.app/Contents/Developer/Platforms/iPhoneOS.platform/Developer/SDKs/iPhoneOS17.5.sdk/usr/include/c++/v1/__format/formatter_floating_point.h:66:32: error: 'to_chars' is unavailable: introduced in iOS 16.3
  to_chars_result __r = _VSTD::to_chars(__first, __last, __value, __fmt);
                               ^
/Applications/Xcode_15.4.app/Contents/Developer/Platforms/iPhoneOS.platform/Developer/SDKs/iPhoneOS17.5.sdk/usr/include/c++/v1/__format/formatter_floating_point.h:272:36: note: in instantiation of function template specialization 'std::__formatter::__to_buffer<float>' requested here
    __result.__last = __formatter::__to_buffer(__integral, __buffer.end(), __value, chars_format::hex);
                                   ^
/Applications/Xcode_15.4.app/Contents/Developer/Platforms/iPhoneOS.platform/Developer/SDKs/iPhoneOS17.5.sdk/usr/include/c++/v1/__format/formatter_floating_point.h:470:25: note: in instantiation of function template specialization 'std::__formatter::__format_buffer_hexadecimal_lower_case<float, float>' requested here
    return __formatter::__format_buffer_hexadecimal_lower_case(
                        ^
/Applications/Xcode_15.4.app/Contents/Developer/Platforms/iPhoneOS.platform/Developer/SDKs/iPhoneOS17.5.sdk/usr/include/c++/v1/__format/formatter_floating_point.h:665:42: note: in instantiation of function template specialization 'std::__formatter::__format_buffer<float, float>' requested here
  __float_result __result = __formatter::__format_buffer(
                                         ^
/Applications/Xcode_15.4.app/Contents/Developer/Platforms/iPhoneOS.platform/Developer/SDKs/iPhoneOS17.5.sdk/usr/include/c++/v1/__format/formatter_floating_point.h:771:25: note: in instantiation of function template specialization 'std::__formatter::__format_floating_point<float, char, std::format_context>' requested here
    return __formatter::__format_floating_point(__value, __ctx, __parser_.__get_parsed_std_specifications(__ctx));
                        ^
/Applications/Xcode_15.4.app/Contents/Developer/Platforms/iPhoneOS.platform/Developer/SDKs/iPhoneOS17.5.sdk/usr/include/c++/v1/__format/format_functions.h:284:42: note: in instantiation of function template specialization 'std::__formatter_floating_point<char>::format<float, std::format_context>' requested here
            __ctx.advance_to(__formatter.format(__arg, __ctx));
                                         ^
/Applications/Xcode_15.4.app/Contents/Developer/Platforms/iPhoneOS.platform/Developer/SDKs/iPhoneOS17.5.sdk/usr/include/c++/v1/__format/format_functions.h:402:17: note: in instantiation of function template specialization 'std::__vformat_to<std::back_insert_iterator<std::string>, char, std::back_insert_iterator<std::__format::__output_buffer<char>>>' requested here
  return _VSTD::__vformat_to(_VSTD::move(__out_it), __fmt, __args);
                ^
/Applications/Xcode_15.4.app/Contents/Developer/Platforms/iPhoneOS.platform/Developer/SDKs/iPhoneOS17.5.sdk/usr/include/c++/v1/__format/format_functions.h:435:10: note: in instantiation of function template specialization 'std::vformat_to<std::back_insert_iterator<std::string>>' requested here
  _VSTD::vformat_to(_VSTD::back_inserter(__res), __fmt, __args);
         ^
/Applications/Xcode_15.4.app/Contents/Developer/Platforms/iPhoneOS.platform/Developer/SDKs/iPhoneOS17.5.sdk/usr/include/c++/v1/__format/format_functions.h:454:17: note: in instantiation of function template specialization 'std::vformat<void>' requested here
  return _VSTD::vformat(__fmt.get(), _VSTD::make_format_args(__args...));
                ^
/Users/runner/work/Amethyst-iOS-MyRemastered/Amethyst-iOS-MyRemastered/Natives/external/SimpleFPEWrapper/SimpleFPEWrapper/fpe/fpe_shadergen.cpp:1384:24: note: in instantiation of function template specialization 'std::format<unsigned int, std::string &, std::string &>' requested here
            vs += std::format("layout (location = {}) in {} {};\n", vpa.cidx(i), type, in_name);
                       ^
/Applications/Xcode_15.4.app/Contents/Developer/Platforms/iPhoneOS.platform/Developer/SDKs/iPhoneOS17.5.sdk/usr/include/c++/v1/__charconv/to_chars_floating_point.h:36:1: note: 'to_chars' has been explicitly marked unavailable here
to_chars(char* __first, char* __last, float __value, chars_format __fmt);
^
In file included from /Users/runner/work/Amethyst-iOS-MyRemastered/Amethyst-iOS-MyRemastered/Natives/external/SimpleFPEWrapper/SimpleFPEWrapper/fpe/fpe_shadergen.cpp:13:
In file included from /Applications/Xcode_15.4.app/Contents/Developer/Platforms/iPhoneOS.platform/Developer/SDKs/iPhoneOS17.5.sdk/usr/include/c++/v1/format:183:
In file included from /Applications/Xcode_15.4.app/Contents/Developer/Platforms/iPhoneOS.platform/Developer/SDKs/iPhoneOS17.5.sdk/usr/include/c++/v1/__format/format_functions.h:29:
/Applications/Xcode_15.4.app/Contents/Developer/Platforms/iPhoneOS.platform/Developer/SDKs/iPhoneOS17.5.sdk/usr/include/c++/v1/__format/formatter_floating_point.h:73:32: error: 'to_chars' is unavailable: introduced in iOS 16.3
  to_chars_result __r = _VSTD::to_chars(__first, __last, __value, __fmt, __precision);
                               ^
/Applications/Xcode_15.4.app/Contents/Developer/Platforms/iPhoneOS.platform/Developer/SDKs/iPhoneOS17.5.sdk/usr/include/c++/v1/__format/formatter_floating_point.h:398:34: note: in instantiation of function template specialization 'std::__formatter::__to_buffer<double>' requested here
  __result.__last = __formatter::__to_buffer(__integral, __buffer.end(), __value, chars_format::general, __precision);
                                 ^
/Applications/Xcode_15.4.app/Contents/Developer/Platforms/iPhoneOS.platform/Developer/SDKs/iPhoneOS17.5.sdk/usr/include/c++/v1/__format/formatter_floating_point.h:465:27: note: in instantiation of function template specialization 'std::__formatter::__format_buffer_general_lower_case<double, double>' requested here
      return __formatter::__format_buffer_general_lower_case(__buffer, __value, __buffer.__precision(), __first);
                          ^
/Applications/Xcode_15.4.app/Contents/Developer/Platforms/iPhoneOS.platform/Developer/SDKs/iPhoneOS17.5.sdk/usr/include/c++/v1/__format/formatter_floating_point.h:665:42: note: in instantiation of function template specialization 'std::__formatter::__format_buffer<double, double>' requested here
  __float_result __result = __formatter::__format_buffer(
                                         ^
/Applications/Xcode_15.4.app/Contents/Developer/Platforms/iPhoneOS.platform/Developer/SDKs/iPhoneOS17.5.sdk/usr/include/c++/v1/__format/formatter_floating_point.h:771:25: note: in instantiation of function template specialization 'std::__formatter::__format_floating_point<double, char, std::format_context>' requested here
    return __formatter::__format_floating_point(__value, __ctx, __parser_.__get_parsed_std_specifications(__ctx));
                        ^
/Applications/Xcode_15.4.app/Contents/Developer/Platforms/iPhoneOS.platform/Developer/SDKs/iPhoneOS17.5.sdk/usr/include/c++/v1/__format/format_functions.h:284:42: note: in instantiation of function template specialization 'std::__formatter_floating_point<char>::format<double, std::format_context>' requested here
            __ctx.advance_to(__formatter.format(__arg, __ctx));
                                         ^
/Applications/Xcode_15.4.app/Contents/Developer/Platforms/iPhoneOS.platform/Developer/SDKs/iPhoneOS17.5.sdk/usr/include/c++/v1/__format/format_functions.h:402:17: note: in instantiation of function template specialization 'std::__vformat_to<std::back_insert_iterator<std::string>, char, std::back_insert_iterator<std::__format::__output_buffer<char>>>' requested here
  return _VSTD::__vformat_to(_VSTD::move(__out_it), __fmt, __args);
                ^
/Applications/Xcode_15.4.app/Contents/Developer/Platforms/iPhoneOS.platform/Developer/SDKs/iPhoneOS17.5.sdk/usr/include/c++/v1/__format/format_functions.h:435:10: note: in instantiation of function template specialization 'std::vformat_to<std::back_insert_iterator<std::string>>' requested here
  _VSTD::vformat_to(_VSTD::back_inserter(__res), __fmt, __args);
         ^
/Applications/Xcode_15.4.app/Contents/Developer/Platforms/iPhoneOS.platform/Developer/SDKs/iPhoneOS17.5.sdk/usr/include/c++/v1/__format/format_functions.h:454:17: note: in instantiation of function template specialization 'std::vformat<void>' requested here
  return _VSTD::vformat(__fmt.get(), _VSTD::make_format_args(__args...));
                ^
/Users/runner/work/Amethyst-iOS-MyRemastered/Amethyst-iOS-MyRemastered/Natives/external/SimpleFPEWrapper/SimpleFPEWrapper/fpe/fpe_shadergen.cpp:1384:24: note: in instantiation of function template specialization 'std::format<unsigned int, std::string &, std::string &>' requested here
            vs += std::format("layout (location = {}) in {} {};\n", vpa.cidx(i), type, in_name);
                       ^
/Applications/Xcode_15.4.app/Contents/Developer/Platforms/iPhoneOS.platform/Developer/SDKs/iPhoneOS17.5.sdk/usr/include/c++/v1/__charconv/to_chars_floating_point.h:48:1: note: 'to_chars' has been explicitly marked unavailable here
to_chars(char* __first, char* __last, double __value, chars_format __fmt, int __precision);
^
In file included from /Users/runner/work/Amethyst-iOS-MyRemastered/Amethyst-iOS-MyRemastered/Natives/external/SimpleFPEWrapper/SimpleFPEWrapper/fpe/fpe_shadergen.cpp:13:
In file included from /Applications/Xcode_15.4.app/Contents/Developer/Platforms/iPhoneOS.platform/Developer/SDKs/iPhoneOS17.5.sdk/usr/include/c++/v1/format:183:
In file included from /Applications/Xcode_15.4.app/Contents/Developer/Platforms/iPhoneOS.platform/Developer/SDKs/iPhoneOS17.5.sdk/usr/include/c++/v1/__format/format_functions.h:29:
/Applications/Xcode_15.4.app/Contents/Developer/Platforms/iPhoneOS.platform/Developer/SDKs/iPhoneOS17.5.sdk/usr/include/c++/v1/__format/formatter_floating_point.h:59:32: error: 'to_chars' is unavailable: introduced in iOS 16.3
  to_chars_result __r = _VSTD::to_chars(__first, __last, __value);
                               ^
/Applications/Xcode_15.4.app/Contents/Developer/Platforms/iPhoneOS.platform/Developer/SDKs/iPhoneOS17.5.sdk/usr/include/c++/v1/__format/formatter_floating_point.h:241:38: note: in instantiation of function template specialization 'std::__formatter::__to_buffer<double>' requested here
  __result.__last     = __formatter::__to_buffer(__integral, __buffer.end(), __value);
                                     ^
/Applications/Xcode_15.4.app/Contents/Developer/Platforms/iPhoneOS.platform/Developer/SDKs/iPhoneOS17.5.sdk/usr/include/c++/v1/__format/formatter_floating_point.h:467:27: note: in instantiation of function template specialization 'std::__formatter::__format_buffer_default<double, double>' requested here
      return __formatter::__format_buffer_default(__buffer, __value, __first);
                          ^
/Applications/Xcode_15.4.app/Contents/Developer/Platforms/iPhoneOS.platform/Developer/SDKs/iPhoneOS17.5.sdk/usr/include/c++/v1/__format/formatter_floating_point.h:665:42: note: in instantiation of function template specialization 'std::__formatter::__format_buffer<double, double>' requested here
  __float_result __result = __formatter::__format_buffer(
                                         ^
/Applications/Xcode_15.4.app/Contents/Developer/Platforms/iPhoneOS.platform/Developer/SDKs/iPhoneOS17.5.sdk/usr/include/c++/v1/__format/formatter_floating_point.h:771:25: note: in instantiation of function template specialization 'std::__formatter::__format_floating_point<double, char, std::format_context>' requested here
    return __formatter::__format_floating_point(__value, __ctx, __parser_.__get_parsed_std_specifications(__ctx));
                        ^
/Applications/Xcode_15.4.app/Contents/Developer/Platforms/iPhoneOS.platform/Developer/SDKs/iPhoneOS17.5.sdk/usr/include/c++/v1/__format/format_functions.h:284:42: note: in instantiation of function template specialization 'std::__formatter_floating_point<char>::format<double, std::format_context>' requested here
            __ctx.advance_to(__formatter.format(__arg, __ctx));
                                         ^
/Applications/Xcode_15.4.app/Contents/Developer/Platforms/iPhoneOS.platform/Developer/SDKs/iPhoneOS17.5.sdk/usr/include/c++/v1/__format/format_functions.h:402:17: note: in instantiation of function template specialization 'std::__vformat_to<std::back_insert_iterator<std::string>, char, std::back_insert_iterator<std::__format::__output_buffer<char>>>' requested here
  return _VSTD::__vformat_to(_VSTD::move(__out_it), __fmt, __args);
                ^
/Applications/Xcode_15.4.app/Contents/Developer/Platforms/iPhoneOS.platform/Developer/SDKs/iPhoneOS17.5.sdk/usr/include/c++/v1/__format/format_functions.h:435:10: note: in instantiation of function template specialization 'std::vformat_to<std::back_insert_iterator<std::string>>' requested here
  _VSTD::vformat_to(_VSTD::back_inserter(__res), __fmt, __args);
         ^
/Applications/Xcode_15.4.app/Contents/Developer/Platforms/iPhoneOS.platform/Developer/SDKs/iPhoneOS17.5.sdk/usr/include/c++/v1/__format/format_functions.h:454:17: note: in instantiation of function template specialization 'std::vformat<void>' requested here
  return _VSTD::vformat(__fmt.get(), _VSTD::make_format_args(__args...));
                ^
/Users/runner/work/Amethyst-iOS-MyRemastered/Amethyst-iOS-MyRemastered/Natives/external/SimpleFPEWrapper/SimpleFPEWrapper/fpe/fpe_shadergen.cpp:1384:24: note: in instantiation of function template specialization 'std::format<unsigned int, std::string &, std::string &>' requested here
            vs += std::format("layout (location = {}) in {} {};\n", vpa.cidx(i), type, in_name);
                       ^
/Applications/Xcode_15.4.app/Contents/Developer/Platforms/iPhoneOS.platform/Developer/SDKs/iPhoneOS17.5.sdk/usr/include/c++/v1/__charconv/to_chars_floating_point.h:30:1: note: 'to_chars' has been explicitly marked unavailable here
to_chars(char* __first, char* __last, double __value);
^
In file included from /Users/runner/work/Amethyst-iOS-MyRemastered/Amethyst-iOS-MyRemastered/Natives/external/SimpleFPEWrapper/SimpleFPEWrapper/fpe/fpe_shadergen.cpp:13:
In file included from /Applications/Xcode_15.4.app/Contents/Developer/Platforms/iPhoneOS.platform/Developer/SDKs/iPhoneOS17.5.sdk/usr/include/c++/v1/format:183:
In file included from /Applications/Xcode_15.4.app/Contents/Developer/Platforms/iPhoneOS.platform/Developer/SDKs/iPhoneOS17.5.sdk/usr/include/c++/v1/__format/format_functions.h:29:
/Applications/Xcode_15.4.app/Contents/Developer/Platforms/iPhoneOS.platform/Developer/SDKs/iPhoneOS17.5.sdk/usr/include/c++/v1/__format/formatter_floating_point.h:66:32: error: 'to_chars' is unavailable: introduced in iOS 16.3
  to_chars_result __r = _VSTD::to_chars(__first, __last, __value, __fmt);
                               ^
/Applications/Xcode_15.4.app/Contents/Developer/Platforms/iPhoneOS.platform/Developer/SDKs/iPhoneOS17.5.sdk/usr/include/c++/v1/__format/formatter_floating_point.h:272:36: note: in instantiation of function template specialization 'std::__formatter::__to_buffer<double>' requested here
    __result.__last = __formatter::__to_buffer(__integral, __buffer.end(), __value, chars_format::hex);
                                   ^
/Applications/Xcode_15.4.app/Contents/Developer/Platforms/iPhoneOS.platform/Developer/SDKs/iPhoneOS17.5.sdk/usr/include/c++/v1/__format/formatter_floating_point.h:470:25: note: in instantiation of function template specialization 'std::__formatter::__format_buffer_hexadecimal_lower_case<double, double>' requested here
    return __formatter::__format_buffer_hexadecimal_lower_case(
                        ^
/Applications/Xcode_15.4.app/Contents/Developer/Platforms/iPhoneOS.platform/Developer/SDKs/iPhoneOS17.5.sdk/usr/include/c++/v1/__format/formatter_floating_point.h:665:42: note: in instantiation of function template specialization 'std::__formatter::__format_buffer<double, double>' requested here
  __float_result __result = __formatter::__format_buffer(
                                         ^
/Applications/Xcode_15.4.app/Contents/Developer/Platforms/iPhoneOS.platform/Developer/SDKs/iPhoneOS17.5.sdk/usr/include/c++/v1/__format/formatter_floating_point.h:771:25: note: in instantiation of function template specialization 'std::__formatter::__format_floating_point<double, char, std::format_context>' requested here
    return __formatter::__format_floating_point(__value, __ctx, __parser_.__get_parsed_std_specifications(__ctx));
                        ^
/Applications/Xcode_15.4.app/Contents/Developer/Platforms/iPhoneOS.platform/Developer/SDKs/iPhoneOS17.5.sdk/usr/include/c++/v1/__format/format_functions.h:284:42: note: in instantiation of function template specialization 'std::__formatter_floating_point<char>::format<double, std::format_context>' requested here
            __ctx.advance_to(__formatter.format(__arg, __ctx));
                                         ^
/Applications/Xcode_15.4.app/Contents/Developer/Platforms/iPhoneOS.platform/Developer/SDKs/iPhoneOS17.5.sdk/usr/include/c++/v1/__format/format_functions.h:402:17: note: in instantiation of function template specialization 'std::__vformat_to<std::back_insert_iterator<std::string>, char, std::back_insert_iterator<std::__format::__output_buffer<char>>>' requested here
  return _VSTD::__vformat_to(_VSTD::move(__out_it), __fmt, __args);
                ^
/Applications/Xcode_15.4.app/Contents/Developer/Platforms/iPhoneOS.platform/Developer/SDKs/iPhoneOS17.5.sdk/usr/include/c++/v1/__format/format_functions.h:435:10: note: in instantiation of function template specialization 'std::vformat_to<std::back_insert_iterator<std::string>>' requested here
  _VSTD::vformat_to(_VSTD::back_inserter(__res), __fmt, __args);
         ^
/Applications/Xcode_15.4.app/Contents/Developer/Platforms/iPhoneOS.platform/Developer/SDKs/iPhoneOS17.5.sdk/usr/include/c++/v1/__format/format_functions.h:454:17: note: in instantiation of function template specialization 'std::vformat<void>' requested here
  return _VSTD::vformat(__fmt.get(), _VSTD::make_format_args(__args...));
                ^
/Users/runner/work/Amethyst-iOS-MyRemastered/Amethyst-iOS-MyRemastered/Natives/external/SimpleFPEWrapper/SimpleFPEWrapper/fpe/fpe_shadergen.cpp:1384:24: note: in instantiation of function template specialization 'std::format<unsigned int, std::string &, std::string &>' requested here
            vs += std::format("layout (location = {}) in {} {};\n", vpa.cidx(i), type, in_name);
                       ^
/Applications/Xcode_15.4.app/Contents/Developer/Platforms/iPhoneOS.platform/Developer/SDKs/iPhoneOS17.5.sdk/usr/include/c++/v1/__charconv/to_chars_floating_point.h:39:1: note: 'to_chars' has been explicitly marked unavailable here
to_chars(char* __first, char* __last, double __value, chars_format __fmt);
^
In file included from /Users/runner/work/Amethyst-iOS-MyRemastered/Amethyst-iOS-MyRemastered/Natives/external/SimpleFPEWrapper/SimpleFPEWrapper/fpe/fpe_shadergen.cpp:13:
In file included from /Applications/Xcode_15.4.app/Contents/Developer/Platforms/iPhoneOS.platform/Developer/SDKs/iPhoneOS17.5.sdk/usr/include/c++/v1/format:183:
In file included from /Applications/Xcode_15.4.app/Contents/Developer/Platforms/iPhoneOS.platform/Developer/SDKs/iPhoneOS17.5.sdk/usr/include/c++/v1/__format/format_functions.h:29:
/Applications/Xcode_15.4.app/Contents/Developer/Platforms/iPhoneOS.platform/Developer/SDKs/iPhoneOS17.5.sdk/usr/include/c++/v1/__format/formatter_floating_point.h:73:32: error: 'to_chars' is unavailable: introduced in iOS 16.3
  to_chars_result __r = _VSTD::to_chars(__first, __last, __value, __fmt, __precision);
                               ^
/Applications/Xcode_15.4.app/Contents/Developer/Platforms/iPhoneOS.platform/Developer/SDKs/iPhoneOS17.5.sdk/usr/include/c++/v1/__format/formatter_floating_point.h:398:34: note: in instantiation of function template specialization 'std::__formatter::__to_buffer<long double>' requested here
  __result.__last = __formatter::__to_buffer(__integral, __buffer.end(), __value, chars_format::general, __precision);
                                 ^
/Applications/Xcode_15.4.app/Contents/Developer/Platforms/iPhoneOS.platform/Developer/SDKs/iPhoneOS17.5.sdk/usr/include/c++/v1/__format/formatter_floating_point.h:465:27: note: in instantiation of function template specialization 'std::__formatter::__format_buffer_general_lower_case<double, long double>' requested here
      return __formatter::__format_buffer_general_lower_case(__buffer, __value, __buffer.__precision(), __first);
                          ^
/Applications/Xcode_15.4.app/Contents/Developer/Platforms/iPhoneOS.platform/Developer/SDKs/iPhoneOS17.5.sdk/usr/include/c++/v1/__format/formatter_floating_point.h:665:42: note: in instantiation of function template specialization 'std::__formatter::__format_buffer<double, long double>' requested here
  __float_result __result = __formatter::__format_buffer(
                                         ^
/Applications/Xcode_15.4.app/Contents/Developer/Platforms/iPhoneOS.platform/Developer/SDKs/iPhoneOS17.5.sdk/usr/include/c++/v1/__format/formatter_floating_point.h:771:25: note: in instantiation of function template specialization 'std::__formatter::__format_floating_point<long double, char, std::format_context>' requested here
    return __formatter::__format_floating_point(__value, __ctx, __parser_.__get_parsed_std_specifications(__ctx));
                        ^
/Applications/Xcode_15.4.app/Contents/Developer/Platforms/iPhoneOS.platform/Developer/SDKs/iPhoneOS17.5.sdk/usr/include/c++/v1/__format/format_functions.h:284:42: note: in instantiation of function template specialization 'std::__formatter_floating_point<char>::format<long double, std::format_context>' requested here
            __ctx.advance_to(__formatter.format(__arg, __ctx));
                                         ^
/Applications/Xcode_15.4.app/Contents/Developer/Platforms/iPhoneOS.platform/Developer/SDKs/iPhoneOS17.5.sdk/usr/include/c++/v1/__format/format_functions.h:402:17: note: in instantiation of function template specialization 'std::__vformat_to<std::back_insert_iterator<std::string>, char, std::back_insert_iterator<std::__format::__output_buffer<char>>>' requested here
  return _VSTD::__vformat_to(_VSTD::move(__out_it), __fmt, __args);
                ^
/Applications/Xcode_15.4.app/Contents/Developer/Platforms/iPhoneOS.platform/Developer/SDKs/iPhoneOS17.5.sdk/usr/include/c++/v1/__format/format_functions.h:435:10: note: in instantiation of function template specialization 'std::vformat_to<std::back_insert_iterator<std::string>>' requested here
  _VSTD::vformat_to(_VSTD::back_inserter(__res), __fmt, __args);
         ^
/Applications/Xcode_15.4.app/Contents/Developer/Platforms/iPhoneOS.platform/Developer/SDKs/iPhoneOS17.5.sdk/usr/include/c++/v1/__format/format_functions.h:454:17: note: in instantiation of function template specialization 'std::vformat<void>' requested here
  return _VSTD::vformat(__fmt.get(), _VSTD::make_format_args(__args...));
                ^
/Users/runner/work/Amethyst-iOS-MyRemastered/Amethyst-iOS-MyRemastered/Natives/external/SimpleFPEWrapper/SimpleFPEWrapper/fpe/fpe_shadergen.cpp:1384:24: note: in instantiation of function template specialization 'std::format<unsigned int, std::string &, std::string &>' requested here
            vs += std::format("layout (location = {}) in {} {};\n", vpa.cidx(i), type, in_name);
                       ^
/Applications/Xcode_15.4.app/Contents/Developer/Platforms/iPhoneOS.platform/Developer/SDKs/iPhoneOS17.5.sdk/usr/include/c++/v1/__charconv/to_chars_floating_point.h:51:1: note: 'to_chars' has been explicitly marked unavailable here
to_chars(char* __first, char* __last, long double __value, chars_format __fmt, int __precision);
^
In file included from /Users/runner/work/Amethyst-iOS-MyRemastered/Amethyst-iOS-MyRemastered/Natives/external/SimpleFPEWrapper/SimpleFPEWrapper/fpe/fpe_shadergen.cpp:13:
In file included from /Applications/Xcode_15.4.app/Contents/Developer/Platforms/iPhoneOS.platform/Developer/SDKs/iPhoneOS17.5.sdk/usr/include/c++/v1/format:183:
In file included from /Applications/Xcode_15.4.app/Contents/Developer/Platforms/iPhoneOS.platform/Developer/SDKs/iPhoneOS17.5.sdk/usr/include/c++/v1/__format/format_functions.h:29:
/Applications/Xcode_15.4.app/Contents/Developer/Platforms/iPhoneOS.platform/Developer/SDKs/iPhoneOS17.5.sdk/usr/include/c++/v1/__format/formatter_floating_point.h:59:32: error: 'to_chars' is unavailable: introduced in iOS 16.3
  to_chars_result __r = _VSTD::to_chars(__first, __last, __value);
                               ^
/Applications/Xcode_15.4.app/Contents/Developer/Platforms/iPhoneOS.platform/Developer/SDKs/iPhoneOS17.5.sdk/usr/include/c++/v1/__format/formatter_floating_point.h:241:38: note: in instantiation of function template specialization 'std::__formatter::__to_buffer<long double>' requested here
  __result.__last     = __formatter::__to_buffer(__integral, __buffer.end(), __value);
                                     ^
/Applications/Xcode_15.4.app/Contents/Developer/Platforms/iPhoneOS.platform/Developer/SDKs/iPhoneOS17.5.sdk/usr/include/c++/v1/__format/formatter_floating_point.h:467:27: note: in instantiation of function template specialization 'std::__formatter::__format_buffer_default<double, long double>' requested here
      return __formatter::__format_buffer_default(__buffer, __value, __first);
                          ^
/Applications/Xcode_15.4.app/Contents/Developer/Platforms/iPhoneOS.platform/Developer/SDKs/iPhoneOS17.5.sdk/usr/include/c++/v1/__format/formatter_floating_point.h:665:42: note: in instantiation of function template specialization 'std::__formatter::__format_buffer<double, long double>' requested here
  __float_result __result = __formatter::__format_buffer(
                                         ^
/Applications/Xcode_15.4.app/Contents/Developer/Platforms/iPhoneOS.platform/Developer/SDKs/iPhoneOS17.5.sdk/usr/include/c++/v1/__format/formatter_floating_point.h:771:25: note: in instantiation of function template specialization 'std::__formatter::__format_floating_point<long double, char, std::format_context>' requested here
    return __formatter::__format_floating_point(__value, __ctx, __parser_.__get_parsed_std_specifications(__ctx));
                        ^
/Applications/Xcode_15.4.app/Contents/Developer/Platforms/iPhoneOS.platform/Developer/SDKs/iPhoneOS17.5.sdk/usr/include/c++/v1/__format/format_functions.h:284:42: note: in instantiation of function template specialization 'std::__formatter_floating_point<char>::format<long double, std::format_context>' requested here
            __ctx.advance_to(__formatter.format(__arg, __ctx));
                                         ^
/Applications/Xcode_15.4.app/Contents/Developer/Platforms/iPhoneOS.platform/Developer/SDKs/iPhoneOS17.5.sdk/usr/include/c++/v1/__format/format_functions.h:402:17: note: in instantiation of function template specialization 'std::__vformat_to<std::back_insert_iterator<std::string>, char, std::back_insert_iterator<std::__format::__output_buffer<char>>>' requested here
  return _VSTD::__vformat_to(_VSTD::move(__out_it), __fmt, __args);
                ^
/Applications/Xcode_15.4.app/Contents/Developer/Platforms/iPhoneOS.platform/Developer/SDKs/iPhoneOS17.5.sdk/usr/include/c++/v1/__format/format_functions.h:435:10: note: in instantiation of function template specialization 'std::vformat_to<std::back_insert_iterator<std::string>>' requested here
  _VSTD::vformat_to(_VSTD::back_inserter(__res), __fmt, __args);
         ^
/Applications/Xcode_15.4.app/Contents/Developer/Platforms/iPhoneOS.platform/Developer/SDKs/iPhoneOS17.5.sdk/usr/include/c++/v1/__format/format_functions.h:454:17: note: in instantiation of function template specialization 'std::vformat<void>' requested here
  return _VSTD::vformat(__fmt.get(), _VSTD::make_format_args(__args...));
                ^
/Users/runner/work/Amethyst-iOS-MyRemastered/Amethyst-iOS-MyRemastered/Natives/external/SimpleFPEWrapper/SimpleFPEWrapper/fpe/fpe_shadergen.cpp:1384:24: note: in instantiation of function template specialization 'std::format<unsigned int, std::string &, std::string &>' requested here
            vs += std::format("layout (location = {}) in {} {};\n", vpa.cidx(i), type, in_name);
                       ^
/Applications/Xcode_15.4.app/Contents/Developer/Platforms/iPhoneOS.platform/Developer/SDKs/iPhoneOS17.5.sdk/usr/include/c++/v1/__charconv/to_chars_floating_point.h:33:1: note: 'to_chars' has been explicitly marked unavailable here
to_chars(char* __first, char* __last, long double __value);
^
In file included from /Users/runner/work/Amethyst-iOS-MyRemastered/Amethyst-iOS-MyRemastered/Natives/external/SimpleFPEWrapper/SimpleFPEWrapper/fpe/fpe_shadergen.cpp:13:
In file included from /Applications/Xcode_15.4.app/Contents/Developer/Platforms/iPhoneOS.platform/Developer/SDKs/iPhoneOS17.5.sdk/usr/include/c++/v1/format:183:
In file included from /Applications/Xcode_15.4.app/Contents/Developer/Platforms/iPhoneOS.platform/Developer/SDKs/iPhoneOS17.5.sdk/usr/include/c++/v1/__format/format_functions.h:29:
/Applications/Xcode_15.4.app/Contents/Developer/Platforms/iPhoneOS.platform/Developer/SDKs/iPhoneOS17.5.sdk/usr/include/c++/v1/__format/formatter_floating_point.h:66:32: error: 'to_chars' is unavailable: introduced in iOS 16.3
  to_chars_result __r = _VSTD::to_chars(__first, __last, __value, __fmt);
                               ^
/Applications/Xcode_15.4.app/Contents/Developer/Platforms/iPhoneOS.platform/Developer/SDKs/iPhoneOS17.5.sdk/usr/include/c++/v1/__format/formatter_floating_point.h:272:36: note: in instantiation of function template specialization 'std::__formatter::__to_buffer<long double>' requested here
    __result.__last = __formatter::__to_buffer(__integral, __buffer.end(), __value, chars_format::hex);
                                   ^
/Applications/Xcode_15.4.app/Contents/Developer/Platforms/iPhoneOS.platform/Developer/SDKs/iPhoneOS17.5.sdk/usr/include/c++/v1/__format/formatter_floating_point.h:470:25: note: in instantiation of function template specialization 'std::__formatter::__format_buffer_hexadecimal_lower_case<double, long double>' requested here
    return __formatter::__format_buffer_hexadecimal_lower_case(
                        ^
/Applications/Xcode_15.4.app/Contents/Developer/Platforms/iPhoneOS.platform/Developer/SDKs/iPhoneOS17.5.sdk/usr/include/c++/v1/__format/formatter_floating_point.h:665:42: note: in instantiation of function template specialization 'std::__formatter::__format_buffer<double, long double>' requested here
  __float_result __result = __formatter::__format_buffer(
                                         ^
/Applications/Xcode_15.4.app/Contents/Developer/Platforms/iPhoneOS.platform/Developer/SDKs/iPhoneOS17.5.sdk/usr/include/c++/v1/__format/formatter_floating_point.h:771:25: note: in instantiation of function template specialization 'std::__formatter::__format_floating_point<long double, char, std::format_context>' requested here
    return __formatter::__format_floating_point(__value, __ctx, __parser_.__get_parsed_std_specifications(__ctx));
                        ^
/Applications/Xcode_15.4.app/Contents/Developer/Platforms/iPhoneOS.platform/Developer/SDKs/iPhoneOS17.5.sdk/usr/include/c++/v1/__format/format_functions.h:284:42: note: in instantiation of function template specialization 'std::__formatter_floating_point<char>::format<long double, std::format_context>' requested here
            __ctx.advance_to(__formatter.format(__arg, __ctx));
                                         ^
/Applications/Xcode_15.4.app/Contents/Developer/Platforms/iPhoneOS.platform/Developer/SDKs/iPhoneOS17.5.sdk/usr/include/c++/v1/__format/format_functions.h:402:17: note: in instantiation of function template specialization 'std::__vformat_to<std::back_insert_iterator<std::string>, char, std::back_insert_iterator<std::__format::__output_buffer<char>>>' requested here
  return _VSTD::__vformat_to(_VSTD::move(__out_it), __fmt, __args);
                ^
/Applications/Xcode_15.4.app/Contents/Developer/Platforms/iPhoneOS.platform/Developer/SDKs/iPhoneOS17.5.sdk/usr/include/c++/v1/__format/format_functions.h:435:10: note: in instantiation of function template specialization 'std::vformat_to<std::back_insert_iterator<std::string>>' requested here
  _VSTD::vformat_to(_VSTD::back_inserter(__res), __fmt, __args);
         ^
/Applications/Xcode_15.4.app/Contents/Developer/Platforms/iPhoneOS.platform/Developer/SDKs/iPhoneOS17.5.sdk/usr/include/c++/v1/__format/format_functions.h:454:17: note: in instantiation of function template specialization 'std::vformat<void>' requested here
  return _VSTD::vformat(__fmt.get(), _VSTD::make_format_args(__args...));
                ^
/Users/runner/work/Amethyst-iOS-MyRemastered/Amethyst-iOS-MyRemastered/Natives/external/SimpleFPEWrapper/SimpleFPEWrapper/fpe/fpe_shadergen.cpp:1384:24: note: in instantiation of function template specialization 'std::format<unsigned int, std::string &, std::string &>' requested here
            vs += std::format("layout (location = {}) in {} {};\n", vpa.cidx(i), type, in_name);
                       ^
/Applications/Xcode_15.4.app/Contents/Developer/Platforms/iPhoneOS.platform/Developer/SDKs/iPhoneOS17.5.sdk/usr/include/c++/v1/__charconv/to_chars_floating_point.h:42:1: note: 'to_chars' has been explicitly marked unavailable here
to_chars(char* __first, char* __last, long double __value, chars_format __fmt);
^
1 warning and 9 errors generated.
gmake[5]: *** [CMakeFiles/SimpleFPEWrapper.dir/build.make:247: CMakeFiles/SimpleFPEWrapper.dir/SimpleFPEWrapper/fpe/fpe_shadergen.cpp.o] Error 1
gmake[5]: *** Waiting for unfinished jobs....
gmake[4]: *** [CMakeFiles/Makefile2:210: CMakeFiles/SimpleFPEWrapper.dir/all] Error 2
gmake[3]: *** [CMakeFiles/Makefile2:217: CMakeFiles/SimpleFPEWrapper.dir/rule] Error 2
gmake[2]: *** [Makefile:169: SimpleFPEWrapper] Error 2
gmake[2]: Leaving directory '/Users/runner/work/Amethyst-iOS-MyRemastered/Amethyst-iOS-MyRemastered/Natives/build/sfpew'
